// Jest Snapshot v1, https://goo.gl/fbAQLP

exports[`Home page matches snapshot 1`] = `
<DocumentFragment>
  <div
    class="makeStyles-root-1"
  >
    <h1
      class="MuiTypography-root MuiTypography-h4 MuiTypography-gutterBottom"
    >
      Popular Movies
    </h1>
    <div
      class="makeStyles-root-7"
    >
      <span
        class="css-680rou"
      />
    </div>
  </div>
</DocumentFragment>
`;
